// Jest Snapshot v1, https://goo.gl/fbAQLP

exports[`<CatalogGenresList/> CatalogGenresList renders correctly 1`] = `
<Fragment>
  <h2
    className="catalog__title visually-hidden"
  >
    Catalog
  </h2>
  <ul
    className="catalog__genres-list"
  >
    <li
      className="catalog__genres-item "
    >
      <a
        className="catalog__genres-link"
        href="#"
        onClick={[Function]}
      >
        All genres
      </a>
    </li>
    <li
      className="catalog__genres-item catalog__genres-item--active"
      key="genre_titleComedies"
    >
      <a
        className="catalog__genres-link"
        href="#"
        onClick={[Function]}
      >
        Comedies
      </a>
    </li>
  </ul>
</Fragment>
`;
