// Jest Snapshot v1, https://goo.gl/fbAQLP

exports[`<App/> App renders correctly 1`] = `
<Fragment>
  <Switch>
    <Route
      component={
        Object {
          "$$typeof": Symbol(react.memo),
          "WrappedComponent": [Function],
          "compare": null,
          "displayName": "Connect(PageWelcome)",
          "type": [Function],
        }
      }
      exact={true}
      path="/"
    />
    <ConnectFunction
      component={
        Object {
          "$$typeof": Symbol(react.memo),
          "WrappedComponent": [Function],
          "compare": null,
          "displayName": "Connect(PageMyList)",
          "type": [Function],
        }
      }
      path="/my-list"
    />
    <ConnectFunction
      component={[Function]}
      exact={true}
      path="/login"
    />
  </Switch>
</Fragment>
`;
